// Jest Snapshot v1, https://goo.gl/fbAQLP

exports[`QueryForm render 1`] = `
<body>
  <div>
    <form
      action=""
      autocomplete="off"
    >
      <div
        class="MuiFormGroup-root"
      >
        <div
          class="MuiBox-root MuiBox-root-4"
        >
          <div
            class="MuiFormControl-root"
          >
            <label
              class="MuiFormLabel-root MuiInputLabel-root MuiInputLabel-formControl MuiInputLabel-animated"
              data-shrink="false"
              for="login"
            >
              organization
            </label>
            <div
              class="MuiInputBase-root MuiInput-root MuiInput-underline MuiInputBase-formControl MuiInput-formControl"
            >
              <input
                aria-describedby="input-login"
                aria-invalid="false"
                class="MuiInputBase-input MuiInput-input"
                id="login"
                name="login"
                type="input"
                value=""
              />
            </div>
            <p
              class="MuiFormHelperText-root"
              id="login"
            >
              organization名を入力
            </p>
          </div>
        </div>
        <div
          class="MuiBox-root MuiBox-root-66"
        >
          <div
            class="MuiFormControl-root"
          >
            <label
              class="MuiFormLabel-root MuiInputLabel-root MuiInputLabel-formControl MuiInputLabel-animated MuiInputLabel-shrink MuiFormLabel-filled"
              data-shrink="true"
              for="first"
            >
              organization
            </label>
            <div
              class="MuiInputBase-root MuiInput-root MuiInput-underline MuiInputBase-formControl MuiInput-formControl"
            >
              <input
                aria-describedby="input-first"
                aria-invalid="false"
                class="MuiInputBase-input MuiInput-input"
                id="first"
                name="first"
                type="number"
                value="1"
              />
            </div>
            <p
              class="MuiFormHelperText-root MuiFormHelperText-filled"
              id="first"
            >
              表示するレポジトリ数を入力
            </p>
          </div>
        </div>
        <div
          class="MuiBox-root MuiBox-root-67"
        >
          <button
            class="MuiButtonBase-root MuiButton-root MuiButton-contained MuiButton-containedPrimary"
            tabindex="0"
            type="submit"
          >
            <span
              class="MuiButton-label"
            >
              submit
            </span>
            <span
              class="MuiTouchRipple-root"
            />
          </button>
        </div>
      </div>
    </form>
    <div
      class="MuiCircularProgress-root MuiCircularProgress-colorPrimary MuiCircularProgress-indeterminate"
      role="progressbar"
      style="width: 40px; height: 40px;"
    >
      <svg
        class="MuiCircularProgress-svg"
        viewBox="22 22 44 44"
      >
        <circle
          class="MuiCircularProgress-circle MuiCircularProgress-circleIndeterminate"
          cx="44"
          cy="44"
          fill="none"
          r="20.2"
          stroke-width="3.6"
        />
      </svg>
    </div>
  </div>
</body>
`;
